11 20 04
1400 photos
15629
1735 mm sigma
2006 12 21 6605
2007 thr is surpuram
23 months
3 x party
4 eciro tokyo
500 ｖ 20 ｆ
510 favourites
a bugs view
address : iso = pt
afsdx 55200 mm
agricultural
air wolf
albany
al cool
almost daily image
alsaceà table
amerique du sud
anchearate
aro fish
audi s 8
auf schwarz
automotive service
babila
backhand spring
bared en roma
baureihe 232
beach babes
beechy
bhumika
bickerton
big apple bog
big world
black nazarene
blue water fluid ethereal surreal leaf leaves
blurry tree
boc winner
boots of urban justice
bourges 2006
brend buena luz
bundes haus
burning man fire
butterfly collection 06
bv 02919
by dankar
cadavere
camboriu
camelinas
candy striper
canerak
canon 350 deos rebel
cantonada
cape otway
carezza
caroussel
castle ford
cathedrals of commerce
cathédrale
cause you aint seen nothing yet
cerro del asilla
challenge group game winner
chanchan
charcuterie hebraique
chayanne
christiaan
christian wiedel
chrysopidae
clair obscure
claude martin
claudia annette
closeup bw portraits
cobalt blue
cock suckers
colin craven
color : rgb_med = 0140d5
color hsv avg 8b67c8
cooks town
cool collaboration
corralitos
craigie varcastle
crimson clover
cvlinder
cyw
dantes livraria
dark tower
decahedron
decole
delicious and life sustaining
depth
dergartendesexils
devil horns
dimitri
deserted
dismantled
dj stryder
dokebis
dolfijn
dont forget your guess where nyc tags please familiarize yourself with the groups rules
dont know why i didnt think of this before
dscn 1413 jpg
dutch images
dwarf hamster babies
e 60
earth day jam
effect
elite model look
empire bluff trail
enemigo
epg
erasmus bridge
esattametelamiametà
esta
explorada
falésias
farm
fausto
fear trap
feet on the street
felinaires
ferpa
festival 451
fighters
fitopaez
flickr coloured sugar bombs
florianópoliscity
florida ave
flower crochet
fore mark
fraser nash
fredericia
freezer paper stencils
fumiyu
funniest man in the world
ganso
geisler gruppe
geo : lat = 49262691908045
geo : lat = 53077218
geo : lon = 0127571
geo : lon = 4788646
geo : lon = 77040414
geo lat 2973588355348604
geo lat 48419681
geo lon 11725995
geo lon 121873891
geo lon 122320644
geo lon 5086598
geo lon 71220511
george afb
glacier hiking
god dam
gregor
griffon vulture
gross food
guard mount
ham cake
happy dance
hare bell
harsh
headed
heather vescent
hen party
hinikenhabima club
hobby seamstress
hold on a second
holga 35 mm
holman
hong kong orchid tree
hot air balloon
hurricayne
ifrc
img 3425 a
indianapolis motor speedway
interestingness 398
interestingness 467
its sort of fun
japan spring 2005
japan street photography
jautcares
jled
joe preston
jonathan coulton
jonny greenwood
justin and meagan wedding
jwg
kalònétosisélthois
kamorin
kappe
kilns
kleinmarkthalle
klosterschöntal
koala bears
korean war veterans memorial
kyrgyz
labrugeoise
larry david
la sola selviento
laura linney
learning to walk
leaving rainy london yay
lebowsky
leg co
lengyel orszag
lever hulme
licenciatura
lola liza
loop art behind it 2004
louis sullivan
luis caballero
maciej stachowiak
madonna inn
magical hour of dusk
mailman dan
makeovers
malamute
malawi
manila zoo
mar 07 02 01
masioka
maternal
mausoleos
may 2006
mencion especial fuy 1107
me n my friend heather again
menstruation
me preguntaste
mikkeli
milwaukee suburb
ming ming
mingo falls
mlb
mohdi
mount augustine volcano
msc 12
msh 12069
murchison house station
museu de arte contemporanea
my design
my flower garden
más de la oftalmancia
nasti
nature journaling
nef
nevats
north carolina ack ack
north cote social club
nose ride
now i believe in my dreams
oameni
obscurus
opas pilgrimage
opelcorsab
orange crowned parakeet
orangey
outer space
oxidisation
ozeas
ozz fest 2005
parco arco baleno
paris holiday 2007
pa said onibane
peleng 8
pepe 15
peter pan
phbfw
phlow : emote = frown
photo by herbert bishko
photo diet project
photoshop
picaoalomoxd
picón
pied snus
pilgrim fathers
pink gasm
pinypon
pool skating
popcorn maker
portage lake state park
portainé
port douglas
poured lines
pre croatia
proportion
psy
psychiatry
pure steamy
purple slog
rancor
ravana
red winged blackbird chick
refurbishing
removed from topv 111 picture must have 111 views to qualify feel free to re add picture once it reaches 111 views
revolutie
rhii
richmond city
rochedo
rockies phui 005 tnt 07
roelvan berckelaer
rogier
rua madre benvenuta 1584 sala 4
sartenejas
saskatchewan wheat pool
saul lodge
saving up
schild wants
schwedenplatz
shah
shahode
shaving
shield bug
shift tilt fake
shoreline village
side glance
sir francis drake
sketch journal
sleigh
small people
snb
so ive been sitting on the couch watching tennis and then watching revolution on the history channel
sombrinha
south gare
spats
sprague lake
stacking rocks
stacking stones
stacy librandi
st anthonys ramblers
st brides
st james palace
straight 8
sucesso total
sulphur light
sunset sunrise
tahoma glacier
tandoori
tattoo project
thanks d
that hat
the last remaining light
the people place
the return of the inner supermodel
the shoe
they didn´t have flickr in 1900
this isnt really nostrand but very close
this picture and this poem is for my kid sister rita when i shot it and while i was playing with it i always had her in mind shes an artist that always has these great and crazy ideas shes currently studying sculpture shes my friend
tiger eyes
timber wolf
tim draper
tmaxx
to alla nova
tom delonge
top 2515
toy of nature
tromp loeil
tucumcari
tvcm
two images
unesco world heritage
unido
unscoop
urban marketing
usage
usa is a monster
vagabondo
valdisere
valerio saracino
valsi 500
veen bait
velvet g
verano 2007
vilanova de mil fontes portugal
villano
vintage owl
vivitar 285
viñas
waddeson
wahington dc
watson mill bridge state park
weatfalia
web : gallery = macro
wedding missalettes
wend land
winter summer
wish we were neighbors
ww mexico
włoski
xgf 07 06 nominated 03
you could put an eye out
zenderen
zucchini patties
Ángela villegas
çekirdekli
øyafestivalen2006
قم
قهر
三田
新宿伊勢丹
江山
